Nhan Tâm Ký 
Bodkin 
Vụ án cuối cùng của ngài Monk 
Bàn Tay Ma Thuật 
72 giờ: Chiến Dịch Hoàng Kim 
Biển Sâu  
Muốn Gặp Anh 
Thanh Tra Vô Hình 
Cư Dân Ma Quái 
Tu viện Downton: Kỷ Nguyên Mới 
Curious Caterer: Cạm bẫy sô cô la 
Kẻ Lừa Đảo Trên Tinder 
Chuyện Quái Dị Trấn Âm Dương 
Deadpool 
Thế Chiến Z 
Đấu Phá Thương Khung 4: Đào Vong 
Nhánh sông 
Trừ Phỉ 
Nữ Đại Lão Của Tôi 
Nhiệt Huyết Thiên Sứ 
Cảnh báo Cá mập 
Mục Trung Vô Nhân: Dùng Mắt Trả Mắt 
Thế Giới Võ Hiệp: Kim Dung 
Khách Sạn Tân Long Môn: Anh Hùng Thức Tỉnh 
Cửu Đỉnh Ký: Kho Báu Vũ Hoàng 
Trang Trại Lợn 
Điệp Viên Stone 
Vùng Xanh 
Những Cô Nàng Hành Động 
Sát Thủ Kitty 
Bão Tố Băng Cốc 
Vòng Lặp 
Đường Ống Chết Chóc 
Knights of Sidonia: Love Woven in the Stars 
Chiến Đội Kỵ Sĩ Long - Ký ức về bạn thân 
Săn Lùng Khủng Long 
Ngón Tay Bí Ẩn 
Cô Gái Rừng Xanh 
Giấc Mơ Trở Thành Sự Thật 
Siêu Sát Thủ Và Rồng 
Xóa Sổ Kinh Thánh 
Cổng Địa Ngục 
Sóng Ảo Giác 
Sống Còn 
Dì Edna 
Vùng Đất Câm Lặng 
Quang Phổ 
Đội Vệ Binh Siêu Đẳng 
Cá Mập Sông Băng 
Nuốt Chửng Linh Hồn 
Cậu Bé Quỷ 
Tìm Lại Kí Ức 
Cậu Bé Siêu Tốc 
Cô Gái Siêu Năng 
Đối Đầu Người Ngoài Hành Tinh 
Khu rừng Halloween 
Tôi Đây, Tôi Đây 
Chú Robot Siêu Việt 
Ngân Hà Đại Chiến 
Kỷ Băng Hà Năm 2012 
Tích Hoa Chỉ 
Doona! 
Những Đứa Con Nhà Họ Kiều 
Em Đẹp Nhất Là Khi Mỉm Cười 
Phượng Lâu Truyện: Truyền Thuyết Linh Hồ 
Thâm Đàm Vãng Sự 
THE LEGEND & BUTTERFLY 
Đế chế ánh sáng 
Một sáng đẹp trời 
Yêu cũng có phong cách 
Chúc may mắn, Leo Grande 
Nhà Có Năm Nàng Dâu 
Bạn Gái Bán Thời Gian 
Mùa hè chưa tới 
Chàng lý tưởng, trên lý thuyết 
Thị thần lệnh 
Cô Nàng Lép Vế 
Thảm Kịch Dị Giáo 
Gấu Trúc Điên Loạn 
Nghĩa Địa Ma Quái: Huyết Thống 
Mặt Nạ Quỷ 
Vú nuôi 
Tình mẹ 
Thiên Sư Trừ Tà 
Họ Sống Trong Màu Xám 
Chí Tôn Tiên Sinh: Chi Kim Thiền Cổ 
Ca Trực Kinh Hoàng 
Mẹ Thân Yêu Nhất 
Con Trai Thân Yêu 
Bộ Tộc Ăn Thịt Người 
Kẻ Biến Thái 
Trang Trại Tử Thần 
Chuyện Về Poltergeist 
Cừu Non 
Lời Nguyền 8 Chân 
Làm Quái Vật 
Hố Tử Thần 
Thôn Cổ Sơn 
Kẻ Giả Danh 
Hủy kết bạn: Web đen 
Hạ Sát 
Phi Vụ Nghìn Cân 
Hồi ký của chú ốc sên 
Đấu trường âm nhạc: Thriller 
Nhẫn giả ẩn thân 
Barbie: Skipper and the Big Babysitting Adventure 
Pokemon: Tuyết Trắng Vùng Hisui 
Halloween tuyệt vời của Sharkdog 
Người Dơi: Halloween dài, Phần Một 
Eden 
Cảnh sát bắt cướp 
Mighty Express: Cuộc phiêu lưu Giáng sinh 
Nhóc Trùm: Bắt Em Bé Đó! 
Đội cứu hộ biển khơi: Hang động Sac Actun 
Người nhận: Gerard 
Dù có ra sao, con vẫn yêu bố mẹ 
Tiến lên nào Xe Nhỏ! 
Liên Minh Công Lý Bóng Đêm 
Anh Hùng Ngốc 
Liên minh công lý LEGO: Cuộc chạm trán vũ trụ 
Vụ vượt ngục: Đôi tình nhân chạy trốn 
Học viện Pop star: KATSEYE 
Thế chiến II: Lời kể từ tiền tuyến 
Jon Batiste: Bản giao hưởng Hoa Kỳ 
Trò Chơi Tử Thần Cuối cùng 
Vua nhân bản 
Hãy chăm sóc Maya 
Săn lùng kiểu Mỹ: Vụ đánh bom cuộc marathon Boston 
Nghệ thuật tinh tế của việc đếch quan tâm 
Núi lửa: Giải cứu tại Whakaari 
Hòn đảo của sói biển 
Redeem Team: Đội bóng rổ siêu sao 
Tưởng nhớ Nữ hoàng 
Luís Figo: Vụ chuyển nhượng thay đổi giới bóng đá 
Những bậc thầy lừa đảo 
Vào vai James Bond: Chuyện của Daniel Craig 
Dolly Parton: Tri ân từ MusiCares 
Đã Đến Lúc Tối Giản 
Tuyển tập hài độc thoại 2020 
Shawn Mendes: Trực Tiếp Tại Buổi Hòa Nhạc 
Nữ Hoàng Voi 
Đằng Sau Những Bản Hit 
Dòng Nước Độc 
Dở Hơi 
Springsteen Trên Sân Khấu 
Truyền Thuyết Đảo Cocain 
Cuộc Sống Trong Tương Lai 
Bí Ẩn Bigfoot 
Tay Đấm Siêu Hạng 
Cuộc Đua Công Thức 1 
Show diễn hài hước 
Căn bệnh ung thư 
Bóng Ma Slenderman 
Đội Đua Mclaren 
Vương Quốc Loài Khỉ 
Chuyên Gia 
Triển Lãm 
Trận Chiến Ở Juno 
Hành Trình Vĩ Đại Của Loài Rùa 
Ngược Dòng Dương Tử 
Thiên Nhiên Hoang Dã Australia 
Câu chuyện kì diệu về Henry Sugar và ba chuyện khác 
Gia đình đại loạn 
Đừng Gọi Tôi Là Thần Bài 
13: Phim nhạc kịch 
Ở Nhà Một Mình 6 
Mukolitta bên bờ sông 
Angeliena 
Giải Cứu Giáng Sinh 
Vụ Trộm Ngân Khố 
Chú Khỉ Lắm Chiêu 
Đêm Giáng Sinh 
Ngưu Ma Vương Trở Lại 
Bậc Thầy Bóng Tối 
Tân Ỷ Thiên Đồ Long Ký: Cửu Dương Thần Công 
Cuộc Chiến Của Ông Già Noel 
Sa Hải Chúc Long 
Đấu Chiến Thắng Phật: Nước Mắt Đại Thánh 
Quý Ông Sở Thú 
Yêu lại 
Truyền Thuyết Mạnh Bà 
Chàng Trai Đến Từ Xứ Sở Thần Tiên 
Cuộc Đời Chúa Jesus 
Những Câu Hỏi 
Kẻ Đã Chết 
Bạch Hồ 
Barbie: Mariposa & Công Chúa Tiên 
Gia Tộc Rồng 
Cuộc Truy Đuổi Đẫm Máu 
Sát nhân người Mỹ 
Bác Sĩ Luật Sư 
Trình Chiếu 
Giang Lăng  